Archive member included because of file (symbol)

c:/apps/gcc-arm/bin/../lib/gcc/arm-none-eabi/4.9.3/../../../../arm-none-eabi/lib/armv7e-m/fpu\libc_nano.a(lib_a-exit.o)
                              c:/apps/gcc-arm/bin/../lib/gcc/arm-none-eabi/4.9.3/../../../../arm-none-eabi/lib/armv7e-m/fpu/crt0.o (exit)
c:/apps/gcc-arm/bin/../lib/gcc/arm-none-eabi/4.9.3/../../../../arm-none-eabi/lib/armv7e-m/fpu\libc_nano.a(lib_a-impure.o)
                              c:/apps/gcc-arm/bin/../lib/gcc/arm-none-eabi/4.9.3/../../../../arm-none-eabi/lib/armv7e-m/fpu\libc_nano.a(lib_a-exit.o) (_global_impure_ptr)
c:/apps/gcc-arm/bin/../lib/gcc/arm-none-eabi/4.9.3/../../../../arm-none-eabi/lib/armv7e-m/fpu\libc_nano.a(lib_a-init.o)
                              c:/apps/gcc-arm/bin/../lib/gcc/arm-none-eabi/4.9.3/../../../../arm-none-eabi/lib/armv7e-m/fpu/crt0.o (__libc_init_array)
c:/apps/gcc-arm/bin/../lib/gcc/arm-none-eabi/4.9.3/../../../../arm-none-eabi/lib/armv7e-m/fpu\libc_nano.a(lib_a-memset.o)
                              c:/apps/gcc-arm/bin/../lib/gcc/arm-none-eabi/4.9.3/../../../../arm-none-eabi/lib/armv7e-m/fpu/crt0.o (memset)
c:/apps/gcc-arm/bin/../lib/gcc/arm-none-eabi/4.9.3/../../../../arm-none-eabi/lib/armv7e-m/fpu\libnosys.a(_exit.o)
                              c:/apps/gcc-arm/bin/../lib/gcc/arm-none-eabi/4.9.3/../../../../arm-none-eabi/lib/armv7e-m/fpu\libc_nano.a(lib_a-exit.o) (_exit)
../../../../external/sdk13/external/micro-ecc/nrf52_armgcc/armgcc/micro_ecc_lib_nrf52.a(micro_ecc_lib_uECC.c.o)
                              _build/nrf52832_xxaa_s132_micro_ecc_lib_shared.c.o (symbol from plugin) (uECC_secp160r1)
c:/apps/gcc-arm/bin/../lib/gcc/arm-none-eabi/4.9.3/../../../../arm-none-eabi/lib/armv7e-m/fpu\libm.a(lib_a-s_round.o)
                              _build/nrf52832_xxaa_s132_sx150x_led_drv_calc.c.o (symbol from plugin) (round)
c:/apps/gcc-arm/bin/../lib/gcc/arm-none-eabi/4.9.3/armv7e-m/fpu\libgcc.a(_arm_addsubdf3.o)
                              c:/apps/gcc-arm/bin/../lib/gcc/arm-none-eabi/4.9.3/../../../../arm-none-eabi/lib/armv7e-m/fpu\libm.a(lib_a-s_round.o) (__aeabi_dadd)
c:/apps/gcc-arm/bin/../lib/gcc/arm-none-eabi/4.9.3/../../../../arm-none-eabi/lib/armv7e-m/fpu\libc_nano.a(lib_a-abs.o)
                              _build/nrf52832_xxaa_s132_sx150x_led_drv_calc.c.o (symbol from plugin) (abs)
c:/apps/gcc-arm/bin/../lib/gcc/arm-none-eabi/4.9.3/../../../../arm-none-eabi/lib/armv7e-m/fpu\libc_nano.a(lib_a-memcmp.o)
                              _build/nrf52832_xxaa_s132_dfu_req_handling.c.o (symbol from plugin) (memcmp)
c:/apps/gcc-arm/bin/../lib/gcc/arm-none-eabi/4.9.3/../../../../arm-none-eabi/lib/armv7e-m/fpu\libc_nano.a(lib_a-memcpy.o)
                              _build/nrf52832_xxaa_s132_app_scheduler.c.o (symbol from plugin) (memcpy)
c:/apps/gcc-arm/bin/../lib/gcc/arm-none-eabi/4.9.3/../../../../arm-none-eabi/lib/armv7e-m/fpu\libc_nano.a(lib_a-sprintf.o)
                              _build/nrf52832_xxaa_s132_support_func.c.o (symbol from plugin) (sprintf)
c:/apps/gcc-arm/bin/../lib/gcc/arm-none-eabi/4.9.3/../../../../arm-none-eabi/lib/armv7e-m/fpu\libc_nano.a(lib_a-strcpy.o)
                              _build/nrf52832_xxaa_s132_support_func.c.o (symbol from plugin) (strcpy)
c:/apps/gcc-arm/bin/../lib/gcc/arm-none-eabi/4.9.3/../../../../arm-none-eabi/lib/armv7e-m/fpu\libc_nano.a(lib_a-strlen.o)
                              _build/nrf52832_xxaa_s132_nrf_ble_dfu.c.o (symbol from plugin) (strlen)
c:/apps/gcc-arm/bin/../lib/gcc/arm-none-eabi/4.9.3/../../../../arm-none-eabi/lib/armv7e-m/fpu\libc_nano.a(lib_a-nano-svfprintf.o)
                              c:/apps/gcc-arm/bin/../lib/gcc/arm-none-eabi/4.9.3/../../../../arm-none-eabi/lib/armv7e-m/fpu\libc_nano.a(lib_a-sprintf.o) (_svfprintf_r)
c:/apps/gcc-arm/bin/../lib/gcc/arm-none-eabi/4.9.3/../../../../arm-none-eabi/lib/armv7e-m/fpu\libc_nano.a(lib_a-nano-vfprintf_i.o)
                              c:/apps/gcc-arm/bin/../lib/gcc/arm-none-eabi/4.9.3/../../../../arm-none-eabi/lib/armv7e-m/fpu\libc_nano.a(lib_a-nano-svfprintf.o) (_printf_i)
c:/apps/gcc-arm/bin/../lib/gcc/arm-none-eabi/4.9.3/../../../../arm-none-eabi/lib/armv7e-m/fpu\libc_nano.a(lib_a-memchr.o)
                              c:/apps/gcc-arm/bin/../lib/gcc/arm-none-eabi/4.9.3/../../../../arm-none-eabi/lib/armv7e-m/fpu\libc_nano.a(lib_a-nano-svfprintf.o) (memchr)
c:/apps/gcc-arm/bin/../lib/gcc/arm-none-eabi/4.9.3/../../../../arm-none-eabi/lib/armv7e-m/fpu\libc_nano.a(lib_a-memmove.o)
                              c:/apps/gcc-arm/bin/../lib/gcc/arm-none-eabi/4.9.3/../../../../arm-none-eabi/lib/armv7e-m/fpu\libc_nano.a(lib_a-nano-svfprintf.o) (memmove)
c:/apps/gcc-arm/bin/../lib/gcc/arm-none-eabi/4.9.3/../../../../arm-none-eabi/lib/armv7e-m/fpu\libc_nano.a(lib_a-nano-freer.o)
                              c:/apps/gcc-arm/bin/../lib/gcc/arm-none-eabi/4.9.3/../../../../arm-none-eabi/lib/armv7e-m/fpu\libc_nano.a(lib_a-nano-svfprintf.o) (_free_r)
[...]
Memory Configuration

Name             Origin             Length             Attributes
FLASH            0x00075000         0x00009000         xr
RAM              0x20002c00         0x00005380         xrw
NOINIT           0x20007f80         0x00000080         xrw
BOOTLOADER_SETTINGS 0x0007f000         0x00001000         rw
UICR_BOOTLOADER  0x10001014         0x00000004         r
MBR_PARAMS_PAGE  0x0007e000         0x00001000         rw
UICR_MBR_PARAM_PAGE 0x10001018         0x00000004         r
*default*        0x00000000         0xffffffff

Linker script and memory map


.text           0x00075000     0x7a80
 *(.isr_vector)
 .isr_vector    0x00075000      0x200 _build/nrf52832_xxaa_s132_gcc_startup_nrf52.S.o
                0x00075000                __isr_vector
 *(.text*)
 .text          0x00075200       0x5c c:/apps/gcc-arm/bin/../lib/gcc/arm-none-eabi/4.9.3/armv7e-m/fpu/crtbegin.o
 .text          0x0007525c       0x74 c:/apps/gcc-arm/bin/../lib/gcc/arm-none-eabi/4.9.3/../../../../arm-none-eabi/lib/armv7e-m/fpu/crt0.o
                0x0007525c                _start
                0x0007525c                _mainCRTStartup
 .text.exit     0x000752d0       0x28 c:/apps/gcc-arm/bin/../lib/gcc/arm-none-eabi/4.9.3/../../../../arm-none-eabi/lib/armv7e-m/fpu\libc_nano.a(lib_a-exit.o)
                0x000752d0                exit
 .text.__libc_init_array
                0x000752f8       0x4c c:/apps/gcc-arm/bin/../lib/gcc/arm-none-eabi/4.9.3/../../../../arm-none-eabi/lib/armv7e-m/fpu\libc_nano.a(lib_a-init.o)
                0x000752f8                __libc_init_array
 .text.memset   0x00075344       0x10 c:/apps/gcc-arm/bin/../lib/gcc/arm-none-eabi/4.9.3/../../../../arm-none-eabi/lib/armv7e-m/fpu\libc_nano.a(lib_a-memset.o)
                0x00075344                memset
 .text._exit    0x00075354        0x4 c:/apps/gcc-arm/bin/../lib/gcc/arm-none-eabi/4.9.3/../../../../arm-none-eabi/lib/armv7e-m/fpu\libnosys.a(_exit.o)
                0x00075354                _exit
 .text          0x00075358      0xbcc C:\Users\asillye\AppData\Local\Temp\ccxJKdBv.ltrans0.ltrans.o
                0x00075358                ble_evt_dispatch.lto_priv.167
 .text.startup  0x00075f24      0x8a0 C:\Users\asillye\AppData\Local\Temp\ccxJKdBv.ltrans1.ltrans.o
                0x00075f24                main
 .text          0x000767c4      0xaf0 C:\Users\asillye\AppData\Local\Temp\ccxJKdBv.ltrans2.ltrans.o
                0x000768c4                fs_sys_event_handler
                0x00076980                reset_device.lto_priv.216
                0x000769cc                leds_on.lto_priv.157
                0x000771fc                queue_get_next_free.lto_priv.118
                0x00077234                queue_start.lto_priv.117
                0x00077250                crc32_compute
                0x00077288                sd_nvic_critical_region_exit.lto_priv.220
 .text.unlikely
                0x000772b4      0x134 C:\Users\asillye\AppData\Local\Temp\ccxJKdBv.ltrans2.ltrans.o
                0x000772b4                sha256_transform
 .text          0x000773e8      0x808 C:\Users\asillye\AppData\Local\Temp\ccxJKdBv.ltrans3.ltrans.o
                0x00077414                reset_delay_timer_handler.lto_priv.132
                0x0007748a                softdevice_evt_schedule
                0x00077540                softdevice_fault_handler
                0x00077546                pb_dec_submessage.lto_priv.125
                0x00077582                pb_dec_string.lto_priv.124
                0x000775be                pb_dec_bytes.lto_priv.123
                0x000775fe                sd_mbr_command.lto_priv.112
                0x00077602                nrf_dfu_flash_erase
                0x0007773c                nrf_dfu_flash_store
                0x00077870                sd_app_evt_wait.lto_priv.155
                0x00077874                nrf_bootloader_app_start.part.0.lto_priv.154
                0x00077898                SWI2_EGU2_IRQHandler
                0x000778b8                sd_ble_enable.lto_priv.196
                0x000778bc                sd_softdevice_enable.lto_priv.195
                0x000778c0                SystemInit
                0x00077bdc                pb_readbyte.part.0.lto_priv.126
 .text.unlikely
                0x00077bf0      0x214 C:\Users\asillye\AppData\Local\Temp\ccxJKdBv.ltrans3.ltrans.o
                0x00077bf0                nrf_crypto_hash_compute
 .text          0x00077e04      0x89c C:\Users\asillye\AppData\Local\Temp\ccxJKdBv.ltrans4.ltrans.o
                0x00077eb8                sd_nvic_critical_region_enter.constprop.97
                0x00077f04                nrf_delay_us.part.0.constprop.88
                0x00077f90                m_ioext_color_select_cmd_send.constprop.64
                0x00078008                nrf_delay_us.constprop.48
                0x00078098                response_crc_cmd_send.constprop.9
                0x00078100                response_send.constprop.5
                0x0007815c                diff_above_limit.lto_priv.225
                0x000781a4                drv_sx1509_close
                0x0007826c                drv_sx1509_reset
                0x00078324                drv_sx1509_leddriverenable_modify
                0x00078354                drv_sx1509_data_modify
                0x00078384                drv_sx1509_dir_modify
                0x000783b4                drv_sx1509_opendrain_modify
                0x000783e4                drv_sx1509_pulldown_modify
                0x00078418                drv_sx1509_pullup_modify
                0x00078448                drv_sx1509_longslewrate_modify
                0x00078478                drv_sx1509_inpbufdisable_modify
                0x000784a6                drv_sx1509_open
 .text.unlikely
                0x000786a0       0x78 C:\Users\asillye\AppData\Local\Temp\ccxJKdBv.ltrans4.ltrans.o
                0x000786a0                nrf_dfu_find_cache.constprop.35
 .text          0x00078718      0x6ec C:\Users\asillye\AppData\Local\Temp\ccxJKdBv.ltrans5.ltrans.o
                0x00078748                reg_set.lto_priv.162
                0x00078780                register_bits_modify.lto_priv.106
                0x00078890                m_ioext_led_drv_ctrl.isra.3.lto_priv.103
                0x00078a6c                m_ioext_osc_status_change.lto_priv.224
                0x00078ac4                m_port_mask_create.lto_priv.161
                0x00078b2c                m_light_timer_handler.lto_priv.137
                0x00078c10                nrf_dfu_app_is_valid
                0x00078c3c                reset_device_callback.lto_priv.131
                0x00078c5c                nrf_dfu_invalidate_bank.lto_priv.160
                0x00078c78                nrf_dfu_settings_write
                0x00078cf8                nrf_dfu_sd_continue_impl.isra.0.lto_priv.159
                0x00078d90                nrf_dfu_bl_continue.lto_priv.158
                0x00078de8                nrf_dfu_mbr_init_sd
 .text          0x00078e04      0x780 C:\Users\asillye\AppData\Local\Temp\ccxJKdBv.ltrans6.ltrans.o
                0x00079120                dfu_data_write_handler.lto_priv.202
                0x00079130                conn_params_error_handler.lto_priv.169
                0x00079136                on_dfu_complete.lto_priv.204
                0x00079154                send_hvx.lto_priv.104
                0x00079190                advertising_start.lto_priv.183
                0x0007926c                sd_softdevice_vector_table_base_set.lto_priv.193
                0x00079270                uint32_encode.lto_priv.105
                0x00079286                sd_ble_user_mem_reply.lto_priv.212
                0x0007928a                sd_ble_uuid_vs_add.lto_priv.188
                0x0007928e                sd_ble_cfg_set.lto_priv.194
                0x00079292                sd_ble_gatts_exchange_mtu_reply.lto_priv.209
                0x00079296                sd_ble_gatts_sys_attr_set.lto_priv.210
                0x0007929a                sd_ble_gatts_rw_authorize_reply.lto_priv.214
                0x0007929e                sd_ble_gatts_value_get.lto_priv.215
                0x000792a2                sd_ble_gatts_characteristic_add.lto_priv.189
                0x000792a6                sd_ble_gatts_service_add.lto_priv.187
                0x000792aa                sd_ble_gap_data_length_update.lto_priv.208
                0x000792ae                sd_ble_gap_sec_info_reply.lto_priv.211
                0x000792b2                sd_ble_gap_sec_params_reply.lto_priv.213
                0x000792b6                sd_ble_gap_device_name_set.lto_priv.190
                0x000792ba                sd_ble_gap_ppcp_set.lto_priv.184
                0x000792be                sd_ble_gap_disconnect.lto_priv.181
                0x000792c2                sd_ble_gap_adv_stop.lto_priv.182
                0x000792c6                sd_ble_gap_addr_get.lto_priv.192
                0x000792ca                sd_ble_gap_addr_set.lto_priv.191
                0x000792ce                SPIM0_SPIS0_TWIM0_TWIS0_SPI0_TWI0_IRQHandler
                0x0007938c                twi_xfer.lto_priv.110
                0x00079420                nrf_drv_twi_tx
                0x00079468                RNG_IRQHandler
                0x00079530                dfu_decode_commmand.lto_priv.156
 .text          0x00079584      0x654 C:\Users\asillye\AppData\Local\Temp\ccxJKdBv.ltrans7.ltrans.o
                0x000797a0                pb_message_set_to_defaults.lto_priv.120
                0x0007986e                pb_make_string_substream
                0x00079a30                pb_decode_noinit
 .text          0x00079bd8      0x5ec C:\Users\asillye\AppData\Local\Temp\ccxJKdBv.ltrans8.ltrans.o
                0x00079c58                app_timer_stop
                0x00079cb8                app_timer_start
                0x00079d44                app_timer_init
                0x00079d94                SWI0_EGU0_IRQHandler
                0x00079ff8                app_sched_event_put.part.0.lto_priv.119
                0x0007a0b4                RTC1_IRQHandler
                0x0007a164                app_sched_execute
 .text          0x0007a1c4      0x428 C:\Users\asillye\AppData\Local\Temp\ccxJKdBv.ltrans9.ltrans.o
                0x0007a214                NVIC_SystemReset.lto_priv.111
 .text.unlikely
                0x0007a5ec       0x2e C:\Users\asillye\AppData\Local\Temp\ccxJKdBv.ltrans9.ltrans.o
                0x0007a5ec                nrf_crypto_hash_size_get
 *fill*         0x0007a61a        0x2 
 .text          0x0007a61c      0x2ac C:\Users\asillye\AppData\Local\Temp\ccxJKdBv.ltrans10.ltrans.o
                0x0007a61c                buf_read.lto_priv.122
                0x0007a640                update_timeout_handler.lto_priv.174
                0x0007a69c                pb_decode_varint
                0x0007a6fa                pb_decode_varint32.lto_priv.121
                0x0007a760                pb_read
                0x0007a7b4                pb_field_iter_begin
                0x0007a7d6                pb_field_iter_next
                0x0007a85c                conn_params_negotiation.lto_priv.217
                0x0007a8c0                sd_ble_gap_ppcp_get.lto_priv.186
                0x0007a8c4                sd_ble_gap_ppcp_set.lto_priv.185
 .text          0x0007a8c8       0x18 c:/apps/gcc-arm/bin/../lib/gcc/arm-none-eabi/4.9.3/armv7e-m/fpu\libgcc.a(_ashldi3.o)
                0x0007a8c8                __aeabi_llsl
                0x0007a8c8                __ashldi3
 .text          0x0007a8e0       0x40 c:/apps/gcc-arm/bin/../lib/gcc/arm-none-eabi/4.9.3/armv7e-m/fpu\libgcc.a(_arm_fixunsdfsi.o)
                0x0007a8e0                __aeabi_d2uiz
                0x0007a8e0                __fixunsdfsi
 .text          0x0007a920       0x30 c:/apps/gcc-arm/bin/../lib/gcc/arm-none-eabi/4.9.3/armv7e-m/fpu\libgcc.a(_aeabi_uldivmod.o)
                0x0007a920                __aeabi_uldivmod
 .text          0x0007a950       0x60 c:/apps/gcc-arm/bin/../lib/gcc/arm-none-eabi/4.9.3/armv7e-m/fpu\libgcc.a(bpabi.o)
                0x0007a950                __gnu_ldivmod_helper
                0x0007a980                __gnu_uldivmod_helper
 .text          0x0007a9b0        0x4 c:/apps/gcc-arm/bin/../lib/gcc/arm-none-eabi/4.9.3/armv7e-m/fpu\libgcc.a(_dvmd_tls.o)
                0x0007a9b0                __aeabi_idiv0
                0x0007a9b0                __aeabi_ldiv0
 .text          0x0007a9b4      0x29c c:/apps/gcc-arm/bin/../lib/gcc/arm-none-eabi/4.9.3/armv7e-m/fpu\libgcc.a(_divdi3.o)
                0x0007a9b4                __divdi3
 .text          0x0007ac50      0x26c c:/apps/gcc-arm/bin/../lib/gcc/arm-none-eabi/4.9.3/armv7e-m/fpu\libgcc.a(_udivdi3.o)
                0x0007ac50                __udivdi3
 .text          0x0007aebc       0x3c _build/nrf52832_xxaa_s132_gcc_startup_nrf52.S.o
                0x0007aebc                Reset_Handler
                0x0007aee4                NMI_Handler
                0x0007aee6                HardFault_Handler
                0x0007aee8                MemoryManagement_Handler
                0x0007aeea                BusFault_Handler
                0x0007aeec                UsageFault_Handler
                0x0007aeee                SVC_Handler
                0x0007aef0                DebugMon_Handler
                0x0007aef2                PendSV_Handler
                0x0007aef4                SysTick_Handler
                0x0007aef6                PDM_IRQHandler
                0x0007aef6                POWER_CLOCK_IRQHandler
                0x0007aef6                QDEC_IRQHandler
                0x0007aef6                TIMER3_IRQHandler
                0x0007aef6                FPU_IRQHandler
                0x0007aef6                TEMP_IRQHandler
                0x0007aef6                RADIO_IRQHandler
                0x0007aef6                UARTE0_UART0_IRQHandler
                0x0007aef6                PWM1_IRQHandler
                0x0007aef6                I2S_IRQHandler
                0x0007aef6                RTC0_IRQHandler
                0x0007aef6                TIMER0_IRQHandler
                0x0007aef6                GPIOTE_IRQHandler
                0x0007aef6                TIMER1_IRQHandler
                0x0007aef6                PWM2_IRQHandler
                0x0007aef6                ECB_IRQHandler
                0x0007aef6                SPIM1_SPIS1_TWIM1_TWIS1_SPI1_TWI1_IRQHandler
                0x0007aef6                Default_Handler
                0x0007aef6                SAADC_IRQHandler
                0x0007aef6                CCM_AAR_IRQHandler
                0x0007aef6                WDT_IRQHandler
                0x0007aef6                TIMER4_IRQHandler
                0x0007aef6                SWI5_EGU5_IRQHandler
                0x0007aef6                RTC2_IRQHandler
                0x0007aef6                PWM0_IRQHandler
                0x0007aef6                SWI3_EGU3_IRQHandler
                0x0007aef6                SWI1_EGU1_IRQHandler
                0x0007aef6                SPIM2_SPIS2_SPI2_IRQHandler
                0x0007aef6                NFCT_IRQHandler
                0x0007aef6                SWI4_EGU4_IRQHandler
                0x0007aef6                MWU_IRQHandler
                0x0007aef6                TIMER2_IRQHandler
                0x0007aef6                COMP_LPCOMP_IRQHandler
 .text.bcopy    0x0007aef8        0xc ../../../../external/sdk13/external/micro-ecc/nrf52_armgcc/armgcc/micro_ecc_lib_nrf52.a(micro_ecc_lib_uECC.c.o)
 .text.uECC_vli_cmp_unsafe
                0x0007af04       0x2a ../../../../external/sdk13/external/micro-ecc/nrf52_armgcc/armgcc/micro_ecc_lib_nrf52.a(micro_ecc_lib_uECC.c.o)
 *fill*         0x0007af2e        0x2 
 .text.uECC_vli_add
                0x0007af30       0x58 ../../../../external/sdk13/external/micro-ecc/nrf52_armgcc/armgcc/micro_ecc_lib_nrf52.a(micro_ecc_lib_uECC.c.o)
                0x0007af30                uECC_vli_add
 *fill*         0x0007af88        0x8 
 .text.uECC_vli_sub
                0x0007af90       0x60 ../../../../external/sdk13/external/micro-ecc/nrf52_armgcc/armgcc/micro_ecc_lib_nrf52.a(micro_ecc_lib_uECC.c.o)
                0x0007af90                uECC_vli_sub
 .text.uECC_vli_mult
                0x0007aff0      0x312 ../../../../external/sdk13/external/micro-ecc/nrf52_armgcc/armgcc/micro_ecc_lib_nrf52.a(micro_ecc_lib_uECC.c.o)
                0x0007aff0                uECC_vli_mult
 .text.uECC_vli_square
                0x0007b302      0x28c ../../../../external/sdk13/external/micro-ecc/nrf52_armgcc/armgcc/micro_ecc_lib_nrf52.a(micro_ecc_lib_uECC.c.o)
                0x0007b302                uECC_vli_square
 .text.uECC_vli_clear
                0x0007b58e       0x18 ../../../../external/sdk13/external/micro-ecc/nrf52_armgcc/armgcc/micro_ecc_lib_nrf52.a(micro_ecc_lib_uECC.c.o)
                0x0007b58e                uECC_vli_clear
 .text.bits2int
                0x0007b5a6       0x88 ../../../../external/sdk13/external/micro-ecc/nrf52_armgcc/armgcc/micro_ecc_lib_nrf52.a(micro_ecc_lib_uECC.c.o)
 .text.uECC_vli_isZero
                0x0007b62e       0x1e ../../../../external/sdk13/external/micro-ecc/nrf52_armgcc/armgcc/micro_ecc_lib_nrf52.a(micro_ecc_lib_uECC.c.o)
                0x0007b62e                uECC_vli_isZero
 .text.uECC_vli_testBit
                0x0007b64c       0x12 ../../../../external/sdk13/external/micro-ecc/nrf52_armgcc/armgcc/micro_ecc_lib_nrf52.a(micro_ecc_lib_uECC.c.o)
                0x0007b64c                uECC_vli_testBit
 .text.uECC_vli_numBits
                0x0007b65e       0x44 ../../../../external/sdk13/external/micro-ecc/nrf52_armgcc/armgcc/micro_ecc_lib_nrf52.a(micro_ecc_lib_uECC.c.o)
                0x0007b65e                uECC_vli_numBits
 .text.uECC_vli_set
                0x0007b6a2       0x1a ../../../../external/sdk13/external/micro-ecc/nrf52_armgcc/armgcc/micro_ecc_lib_nrf52.a(micro_ecc_lib_uECC.c.o)
                0x0007b6a2                uECC_vli_set
 .text.vli_mmod_fast_secp256r1
                0x0007b6bc      0x1b0 ../../../../external/sdk13/external/micro-ecc/nrf52_armgcc/armgcc/micro_ecc_lib_nrf52.a(micro_ecc_lib_uECC.c.o)
 .text.uECC_vli_equal
                0x0007b86c       0x2a ../../../../external/sdk13/external/micro-ecc/nrf52_armgcc/armgcc/micro_ecc_lib_nrf52.a(micro_ecc_lib_uECC.c.o)
                0x0007b86c                uECC_vli_equal
 .text.uECC_vli_rshift1
                0x0007b896       0x1a ../../../../external/sdk13/external/micro-ecc/nrf52_armgcc/armgcc/micro_ecc_lib_nrf52.a(micro_ecc_lib_uECC.c.o)
                0x0007b896                uECC_vli_rshift1
 .text.vli_modInv_update
                0x0007b8b0       0x3a ../../../../external/sdk13/external/micro-ecc/nrf52_armgcc/armgcc/micro_ecc_lib_nrf52.a(micro_ecc_lib_uECC.c.o)
 .text.uECC_vli_modAdd
                0x0007b8ea       0x32 ../../../../external/sdk13/external/micro-ecc/nrf52_armgcc/armgcc/micro_ecc_lib_nrf52.a(micro_ecc_lib_uECC.c.o)
                0x0007b8ea                uECC_vli_modAdd
 .text.uECC_vli_modSub
                0x0007b91c       0x24 ../../../../external/sdk13/external/micro-ecc/nrf52_armgcc/armgcc/micro_ecc_lib_nrf52.a(micro_ecc_lib_uECC.c.o)
                0x0007b91c                uECC_vli_modSub
 .text.uECC_vli_mmod
                0x0007b940      0x13c ../../../../external/sdk13/external/micro-ecc/nrf52_armgcc/armgcc/micro_ecc_lib_nrf52.a(micro_ecc_lib_uECC.c.o)
                0x0007b940                uECC_vli_mmod
 .text.uECC_vli_modMult
                0x0007ba7c       0x24 ../../../../external/sdk13/external/micro-ecc/nrf52_armgcc/armgcc/micro_ecc_lib_nrf52.a(micro_ecc_lib_uECC.c.o)
                0x0007ba7c                uECC_vli_modMult
 .text.uECC_vli_modMult_fast
                0x0007baa0       0x20 ../../../../external/sdk13/external/micro-ecc/nrf52_armgcc/armgcc/micro_ecc_lib_nrf52.a(micro_ecc_lib_uECC.c.o)
                0x0007baa0                uECC_vli_modMult_fast
 .text.uECC_vli_modSquare_fast
                0x0007bac0       0x20 ../../../../external/sdk13/external/micro-ecc/nrf52_armgcc/armgcc/micro_ecc_lib_nrf52.a(micro_ecc_lib_uECC.c.o)
                0x0007bac0                uECC_vli_modSquare_fast
 .text.x_side_default
                0x0007bae0       0x5a ../../../../external/sdk13/external/micro-ecc/nrf52_armgcc/armgcc/micro_ecc_lib_nrf52.a(micro_ecc_lib_uECC.c.o)
 .text.double_jacobian_default
                0x0007bb3a      0x154 ../../../../external/sdk13/external/micro-ecc/nrf52_armgcc/armgcc/micro_ecc_lib_nrf52.a(micro_ecc_lib_uECC.c.o)
 .text.XYcZ_add
                0x0007bc8e       0xca ../../../../external/sdk13/external/micro-ecc/nrf52_armgcc/armgcc/micro_ecc_lib_nrf52.a(micro_ecc_lib_uECC.c.o)
 .text.apply_z  0x0007bd58       0x3e ../../../../external/sdk13/external/micro-ecc/nrf52_armgcc/armgcc/micro_ecc_lib_nrf52.a(micro_ecc_lib_uECC.c.o)
 .text.uECC_vli_modInv
                0x0007bd96      0x10c ../../../../external/sdk13/external/micro-ecc/nrf52_armgcc/armgcc/micro_ecc_lib_nrf52.a(micro_ecc_lib_uECC.c.o)
                0x0007bd96                uECC_vli_modInv
 *fill*         0x0007bea2        0x2 
 .text.uECC_secp256r1
                0x0007bea4        0x8 ../../../../external/sdk13/external/micro-ecc/nrf52_armgcc/armgcc/micro_ecc_lib_nrf52.a(micro_ecc_lib_uECC.c.o)
                0x0007bea4                uECC_secp256r1
 .text.uECC_verify
                0x0007beac      0x2d4 ../../../../external/sdk13/external/micro-ecc/nrf52_armgcc/armgcc/micro_ecc_lib_nrf52.a(micro_ecc_lib_uECC.c.o)
                0x0007beac                uECC_verify
 .text.round    0x0007c180       0xa8 c:/apps/gcc-arm/bin/../lib/gcc/arm-none-eabi/4.9.3/../../../../arm-none-eabi/lib/armv7e-m/fpu\libm.a(lib_a-s_round.o)
                0x0007c180                round
 .text          0x0007c228      0x370 c:/apps/gcc-arm/bin/../lib/gcc/arm-none-eabi/4.9.3/armv7e-m/fpu\libgcc.a(_arm_addsubdf3.o)
                0x0007c228                __aeabi_drsub
                0x0007c230                __aeabi_dsub
                0x0007c230                __subdf3
                0x0007c234                __aeabi_dadd
                0x0007c234                __adddf3
                0x0007c4ac                __floatunsidf
                0x0007c4ac                __aeabi_ui2d
                0x0007c4cc                __floatsidf
                0x0007c4cc                __aeabi_i2d
                0x0007c4f0                __aeabi_f2d
                0x0007c4f0                __extendsfdf2
                0x0007c52c                __floatundidf
                0x0007c52c                __aeabi_ul2d
                0x0007c53c                __floatdidf
                0x0007c53c                __aeabi_l2d
 .text.abs      0x0007c598        0x8 c:/apps/gcc-arm/bin/../lib/gcc/arm-none-eabi/4.9.3/../../../../arm-none-eabi/lib/armv7e-m/fpu\libc_nano.a(lib_a-abs.o)
                0x0007c598                abs
 .text.memcmp   0x0007c5a0       0x20 c:/apps/gcc-arm/bin/../lib/gcc/arm-none-eabi/4.9.3/../../../../arm-none-eabi/lib/armv7e-m/fpu\libc_nano.a(lib_a-memcmp.o)
                0x0007c5a0                memcmp
 .text.memcpy   0x0007c5c0       0x16 c:/apps/gcc-arm/bin/../lib/gcc/arm-none-eabi/4.9.3/../../../../arm-none-eabi/lib/armv7e-m/fpu\libc_nano.a(lib_a-memcpy.o)
                0x0007c5c0                memcpy
 .text.strlen   0x0007c5d6       0x10 c:/apps/gcc-arm/bin/../lib/gcc/arm-none-eabi/4.9.3/../../../../arm-none-eabi/lib/armv7e-m/fpu\libc_nano.a(lib_a-strlen.o)
                0x0007c5d6                strlen
 *(.init)
 *fill*         0x0007c5e6        0x2 
 .init          0x0007c5e8        0x4 c:/apps/gcc-arm/bin/../lib/gcc/arm-none-eabi/4.9.3/armv7e-m/fpu/crti.o
                0x0007c5e8                _init
 .init          0x0007c5ec        0x8 c:/apps/gcc-arm/bin/../lib/gcc/arm-none-eabi/4.9.3/armv7e-m/fpu/crtn.o
 *(.fini)
 .fini          0x0007c5f4        0x4 c:/apps/gcc-arm/bin/../lib/gcc/arm-none-eabi/4.9.3/armv7e-m/fpu/crti.o
                0x0007c5f4                _fini
 .fini          0x0007c5f8        0x8 c:/apps/gcc-arm/bin/../lib/gcc/arm-none-eabi/4.9.3/armv7e-m/fpu/crtn.o
 *crtbegin.o(.ctors)
 *crtbegin?.o(.ctors)
 *(EXCLUDE_FILE(*crtend.o *crtend?.o) .ctors)
 *(SORT(.ctors.*))
 *(.ctors)
 *crtbegin.o(.dtors)
 *crtbegin?.o(.dtors)
 *(EXCLUDE_FILE(*crtend.o *crtend?.o) .dtors)
 *(SORT(.dtors.*))
 *(.dtors)
 *(.rodata*)
 .rodata.str1.1
                0x0007c600        0x2 c:/apps/gcc-arm/bin/../lib/gcc/arm-none-eabi/4.9.3/../../../../arm-none-eabi/lib/armv7e-m/fpu\libc_nano.a(lib_a-impure.o)
 *fill*         0x0007c602        0x2 
 .rodata._global_impure_ptr
                0x0007c604        0x4 c:/apps/gcc-arm/bin/../lib/gcc/arm-none-eabi/4.9.3/../../../../arm-none-eabi/lib/armv7e-m/fpu\libc_nano.a(lib_a-impure.o)
                0x0007c604                _global_impure_ptr
 .rodata.hash_info_sha256
                0x0007c608        0x2 C:\Users\asillye\AppData\Local\Temp\ccxJKdBv.ltrans0.ltrans.o
 *fill*         0x0007c60a        0x2 
 .rodata.pk     0x0007c60c       0x40 C:\Users\asillye\AppData\Local\Temp\ccxJKdBv.ltrans0.ltrans.o
 .rodata        0x0007c64c       0xf4 C:\Users\asillye\AppData\Local\Temp\ccxJKdBv.ltrans1.ltrans.o
 .rodata        0x0007c740      0x100 C:\Users\asillye\AppData\Local\Temp\ccxJKdBv.ltrans2.ltrans.o
 .rodata        0x0007c840        0x7 C:\Users\asillye\AppData\Local\Temp\ccxJKdBv.ltrans4.ltrans.o
 .rodata        0x0007c847        0x4 C:\Users\asillye\AppData\Local\Temp\ccxJKdBv.ltrans5.ltrans.o
 *fill*         0x0007c84b        0x1 
 .rodata        0x0007c84c      0x138 C:\Users\asillye\AppData\Local\Temp\ccxJKdBv.ltrans6.ltrans.o
 .rodata.dfu_init_command_is_debug_default
                0x0007c984        0x1 C:\Users\asillye\AppData\Local\Temp\ccxJKdBv.ltrans6.ltrans.o
 *fill*         0x0007c985        0x3 
 .rodata        0x0007c988       0x24 C:\Users\asillye\AppData\Local\Temp\ccxJKdBv.ltrans7.ltrans.o
 .rodata        0x0007c9ac       0x14 C:\Users\asillye\AppData\Local\Temp\ccxJKdBv.ltrans9.ltrans.o
 .rodata.str1.1
                0x0007c9c0        0xa C:\Users\asillye\AppData\Local\Temp\ccxJKdBv.ltrans9.ltrans.o
 *fill*         0x0007c9ca        0x2 
 .rodata.curve_secp256r1
                0x0007c9cc       0xb0 ../../../../external/sdk13/external/micro-ecc/nrf52_armgcc/armgcc/micro_ecc_lib_nrf52.a(micro_ecc_lib_uECC.c.o)
 *(.eh_frame*)
 .eh_frame      0x0007ca7c        0x0 c:/apps/gcc-arm/bin/../lib/gcc/arm-none-eabi/4.9.3/armv7e-m/fpu/crtbegin.o
 .eh_frame      0x0007ca7c        0x4 c:/apps/gcc-arm/bin/../lib/gcc/arm-none-eabi/4.9.3/armv7e-m/fpu/crtend.o

.glue_7         0x0007ca80        0x0
 .glue_7        0x00000000        0x0 linker stubs

.glue_7t        0x0007ca80        0x0
 .glue_7t       0x00000000        0x0 linker stubs

.vfp11_veneer   0x0007ca80        0x0
 .vfp11_veneer  0x00000000        0x0 linker stubs

.v4_bx          0x0007ca80        0x0
 .v4_bx         0x00000000        0x0 linker stubs

.iplt           0x0007ca80        0x0
 .iplt          0x00000000        0x0 c:/apps/gcc-arm/bin/../lib/gcc/arm-none-eabi/4.9.3/armv7e-m/fpu/crtbegin.o

.ARM.extab
 *(.ARM.extab* .gnu.linkonce.armextab.*)
                0x0007ca80                __exidx_start = .

.ARM.exidx      0x0007ca80        0x8
 *(.ARM.exidx* .gnu.linkonce.armexidx.*)
 .ARM.exidx     0x0007ca80        0x8 c:/apps/gcc-arm/bin/../lib/gcc/arm-none-eabi/4.9.3/../../../../arm-none-eabi/lib/armv7e-m/fpu/crt0.o
 .ARM.exidx     0x0007ca88        0x0 c:/apps/gcc-arm/bin/../lib/gcc/arm-none-eabi/4.9.3/armv7e-m/fpu\libgcc.a(_divdi3.o)
                                  0x8 (size before relaxing)
 .ARM.exidx     0x0007ca88        0x0 c:/apps/gcc-arm/bin/../lib/gcc/arm-none-eabi/4.9.3/armv7e-m/fpu\libgcc.a(_udivdi3.o)
                                  0x8 (size before relaxing)
                0x0007ca88                __exidx_end = .
                0x0007ca88                __etext = .

.data           0x20002c00       0xc4 load address 0x0007ca88
                0x20002c00                __data_start__ = .
 *(vtable)
 *(.data*)
 .data.impure_data
                0x20002c00       0x60 c:/apps/gcc-arm/bin/../lib/gcc/arm-none-eabi/4.9.3/../../../../arm-none-eabi/lib/armv7e-m/fpu\libc_nano.a(lib_a-impure.o)
 .data          0x20002c60       0x24 C:\Users\asillye\AppData\Local\Temp\ccxJKdBv.ltrans0.ltrans.o
 .data          0x20002c84       0x10 C:\Users\asillye\AppData\Local\Temp\ccxJKdBv.ltrans1.ltrans.o
 .data          0x20002c94       0x1c C:\Users\asillye\AppData\Local\Temp\ccxJKdBv.ltrans2.ltrans.o
 .data          0x20002cb0        0x2 C:\Users\asillye\AppData\Local\Temp\ccxJKdBv.ltrans4.ltrans.o
                0x20002cb0                m_conn_handle.lto_priv.163
 *fill*         0x20002cb2        0x2 
 .data.SystemCoreClock
                0x20002cb4        0x4 C:\Users\asillye\AppData\Local\Temp\ccxJKdBv.ltrans4.ltrans.o
                0x20002cb4                SystemCoreClock
                0x20002cb8                . = ALIGN (0x4)
                0x20002cb8                PROVIDE (__preinit_array_start, .)
 *(.preinit_array)
                0x20002cb8                PROVIDE (__preinit_array_end, .)
                0x20002cb8                . = ALIGN (0x4)
                0x20002cb8                PROVIDE (__init_array_start, .)
 *(SORT(.init_array.*))
 *(.init_array)
 .init_array    0x20002cb8        0x4 c:/apps/gcc-arm/bin/../lib/gcc/arm-none-eabi/4.9.3/armv7e-m/fpu/crtbegin.o
                0x20002cbc                PROVIDE (__init_array_end, .)
                0x20002cbc                . = ALIGN (0x4)
                0x20002cbc                PROVIDE (__fini_array_start, .)
 *(SORT(.fini_array.*))
 *(.fini_array)
 .fini_array    0x20002cbc        0x4 c:/apps/gcc-arm/bin/../lib/gcc/arm-none-eabi/4.9.3/armv7e-m/fpu/crtbegin.o
                0x20002cc0                PROVIDE (__fini_array_end, .)
 *(.jcr*)
 .jcr           0x20002cc0        0x0 c:/apps/gcc-arm/bin/../lib/gcc/arm-none-eabi/4.9.3/armv7e-m/fpu/crtbegin.o
 .jcr           0x20002cc0        0x4 c:/apps/gcc-arm/bin/../lib/gcc/arm-none-eabi/4.9.3/armv7e-m/fpu/crtend.o
                0x20002cc4                . = ALIGN (0x4)
                0x20002cc4                __data_end__ = .
LOAD c:/apps/gcc-arm/bin/../lib/gcc/arm-none-eabi/4.9.3/armv7e-m/fpu/crti.o
LOAD c:/apps/gcc-arm/bin/../lib/gcc/arm-none-eabi/4.9.3/armv7e-m/fpu/crtbegin.o
LOAD c:/apps/gcc-arm/bin/../lib/gcc/arm-none-eabi/4.9.3/../../../../arm-none-eabi/lib/armv7e-m/fpu/crt0.o
LOAD c:/apps/gcc-arm/bin/../lib/gcc/arm-none-eabi/4.9.3/../../../../arm-none-eabi/lib/armv7e-m/fpu\libc_nano.a
LOAD c:/apps/gcc-arm/bin/../lib/gcc/arm-none-eabi/4.9.3/../../../../arm-none-eabi/lib/armv7e-m/fpu\libnosys.a
LOAD _build/nrf52832_xxaa_s132_segger_rtt_printf_override.c.o
LOAD C:\Users\asillye\AppData\Local\Temp\ccxJKdBv.ltrans0.ltrans.o
LOAD C:\Users\asillye\AppData\Local\Temp\ccxJKdBv.ltrans1.ltrans.o
LOAD C:\Users\asillye\AppData\Local\Temp\ccxJKdBv.ltrans2.ltrans.o
LOAD C:\Users\asillye\AppData\Local\Temp\ccxJKdBv.ltrans3.ltrans.o
LOAD C:\Users\asillye\AppData\Local\Temp\ccxJKdBv.ltrans4.ltrans.o
LOAD C:\Users\asillye\AppData\Local\Temp\ccxJKdBv.ltrans5.ltrans.o
LOAD C:\Users\asillye\AppData\Local\Temp\ccxJKdBv.ltrans6.ltrans.o
LOAD C:\Users\asillye\AppData\Local\Temp\ccxJKdBv.ltrans7.ltrans.o
LOAD C:\Users\asillye\AppData\Local\Temp\ccxJKdBv.ltrans8.ltrans.o
LOAD C:\Users\asillye\AppData\Local\Temp\ccxJKdBv.ltrans9.ltrans.o
LOAD C:\Users\asillye\AppData\Local\Temp\ccxJKdBv.ltrans10.ltrans.o
LOAD c:/apps/gcc-arm/bin/../lib/gcc/arm-none-eabi/4.9.3/armv7e-m/fpu\libgcc.a
LOAD c:/apps/gcc-arm/bin/../lib/gcc/arm-none-eabi/4.9.3/../../../../arm-none-eabi/lib/armv7e-m/fpu\libc_nano.a
LOAD c:/apps/gcc-arm/bin/../lib/gcc/arm-none-eabi/4.9.3/armv7e-m/fpu\libgcc.a
LOAD c:/apps/gcc-arm/bin/../lib/gcc/arm-none-eabi/4.9.3/../../../../arm-none-eabi/lib/armv7e-m/fpu\libc_nano.a
LOAD _build/nrf52832_xxaa_s132_app_error_weak.c.o
LOAD _build/nrf52832_xxaa_s132_app_scheduler.c.o
LOAD _build/nrf52832_xxaa_s132_app_timer.c.o
LOAD _build/nrf52832_xxaa_s132_app_util_platform.c.o
LOAD _build/nrf52832_xxaa_s132_crc32.c.o
LOAD _build/nrf52832_xxaa_s132_fstorage.c.o
LOAD _build/nrf52832_xxaa_s132_hci_mem_pool.c.o
LOAD _build/nrf52832_xxaa_s132_mem_manager.c.o
LOAD _build/nrf52832_xxaa_s132_nrf_assert.c.o
LOAD _build/nrf52832_xxaa_s132_nrf_queue.c.o
LOAD _build/nrf52832_xxaa_s132_nrf_strerror.c.o
LOAD _build/nrf52832_xxaa_s132_sha256.c.o
LOAD _build/nrf52832_xxaa_s132_dfu-cc.pb.c.o
LOAD _build/nrf52832_xxaa_s132_dfu_public_key.c.o
LOAD _build/nrf52832_xxaa_s132_thingy_dfu.c.o
LOAD _build/nrf52832_xxaa_s132_dfu_req_handling.c.o
LOAD _build/nrf52832_xxaa_s132_boards.c.o
LOAD _build/nrf52832_xxaa_s132_nrf_drv_common.c.o
LOAD _build/nrf52832_xxaa_s132_nrf_drv_rng.c.o
LOAD _build/nrf52832_xxaa_s132_nrf_drv_twi.c.o
LOAD _build/nrf52832_xxaa_s132_nrf_nvmc.c.o
LOAD _build/nrf52832_xxaa_s132_nrf_ble_dfu.c.o
LOAD _build/nrf52832_xxaa_s132_nrf_crypto_ecdh.c.o
LOAD _build/nrf52832_xxaa_s132_nrf_crypto_ecdsa.c.o
LOAD _build/nrf52832_xxaa_s132_nrf_crypto_hash.c.o
LOAD _build/nrf52832_xxaa_s132_nrf_crypto_init.c.o
LOAD _build/nrf52832_xxaa_s132_nrf_crypto_keys.c.o
LOAD _build/nrf52832_xxaa_s132_nrf_crypto_mem.c.o
LOAD _build/nrf52832_xxaa_s132_nrf_crypto_rng.c.o
LOAD _build/nrf52832_xxaa_s132_main.c.o
LOAD _build/nrf52832_xxaa_s132_ble_advdata.c.o
LOAD _build/nrf52832_xxaa_s132_ble_conn_params.c.o
LOAD _build/nrf52832_xxaa_s132_ble_srv_common.c.o
LOAD _build/nrf52832_xxaa_s132_pb_common.c.o
LOAD _build/nrf52832_xxaa_s132_pb_decode.c.o
LOAD _build/nrf52832_xxaa_s132_gcc_startup_nrf52.S.o
LOAD _build/nrf52832_xxaa_s132_system_nrf52.c.o
LOAD _build/nrf52832_xxaa_s132_micro_ecc_lib_ecdh.c.o
LOAD _build/nrf52832_xxaa_s132_micro_ecc_lib_ecdsa.c.o
LOAD _build/nrf52832_xxaa_s132_micro_ecc_lib_init.c.o
LOAD _build/nrf52832_xxaa_s132_micro_ecc_lib_keys.c.o
LOAD _build/nrf52832_xxaa_s132_micro_ecc_lib_shared.c.o
LOAD _build/nrf52832_xxaa_s132_nrf_crypto_sw_hash.c.o
LOAD _build/nrf52832_xxaa_s132_nrf_crypto_sw_rng.c.o
LOAD _build/nrf52832_xxaa_s132_softdevice_handler.c.o
LOAD _build/nrf52832_xxaa_s132_softdevice_handler_appsh.c.o
LOAD _build/nrf52832_xxaa_s132_nrf_bootloader.c.o
LOAD _build/nrf52832_xxaa_s132_nrf_bootloader_app_start.c.o
LOAD _build/nrf52832_xxaa_s132_nrf_bootloader_app_start_asm.c.o
LOAD _build/nrf52832_xxaa_s132_nrf_bootloader_info.c.o
LOAD _build/nrf52832_xxaa_s132_nrf_dfu.c.o
LOAD _build/nrf52832_xxaa_s132_nrf_dfu_flash.c.o
LOAD _build/nrf52832_xxaa_s132_nrf_dfu_handling_error.c.o
LOAD _build/nrf52832_xxaa_s132_nrf_dfu_mbr.c.o
LOAD _build/nrf52832_xxaa_s132_nrf_dfu_settings.c.o
LOAD _build/nrf52832_xxaa_s132_nrf_dfu_transport.c.o
LOAD _build/nrf52832_xxaa_s132_nrf_dfu_utils.c.o
LOAD _build/nrf52832_xxaa_s132_drv_ext_light.c.o
LOAD _build/nrf52832_xxaa_s132_drv_ext_gpio.c.o
LOAD _build/nrf52832_xxaa_s132_drv_sx1509.c.o
LOAD _build/nrf52832_xxaa_s132_support_func.c.o
LOAD _build/nrf52832_xxaa_s132_sx150x_led_drv_calc.c.o
LOAD _build/nrf52832_xxaa_s132_twi_manager.c.o
LOAD ../../../../external/sdk13/external/micro-ecc/nrf52_armgcc/armgcc/micro_ecc_lib_nrf52.a
LOAD c:/apps/gcc-arm/bin/../lib/gcc/arm-none-eabi/4.9.3/../../../../arm-none-eabi/lib/armv7e-m/fpu\libm.a
START GROUP
LOAD c:/apps/gcc-arm/bin/../lib/gcc/arm-none-eabi/4.9.3/armv7e-m/fpu\libgcc.a
LOAD c:/apps/gcc-arm/bin/../lib/gcc/arm-none-eabi/4.9.3/../../../../arm-none-eabi/lib/armv7e-m/fpu\libc_nano.a
END GROUP
START GROUP
LOAD c:/apps/gcc-arm/bin/../lib/gcc/arm-none-eabi/4.9.3/armv7e-m/fpu\libgcc.a
LOAD c:/apps/gcc-arm/bin/../lib/gcc/arm-none-eabi/4.9.3/../../../../arm-none-eabi/lib/armv7e-m/fpu\libc_nano.a
END GROUP
LOAD c:/apps/gcc-arm/bin/../lib/gcc/arm-none-eabi/4.9.3/armv7e-m/fpu/crtend.o
LOAD c:/apps/gcc-arm/bin/../lib/gcc/arm-none-eabi/4.9.3/armv7e-m/fpu/crtn.o
START GROUP
LOAD c:/apps/gcc-arm/bin/../lib/gcc/arm-none-eabi/4.9.3/armv7e-m/fpu\libgcc.a
LOAD c:/apps/gcc-arm/bin/../lib/gcc/arm-none-eabi/4.9.3/../../../../arm-none-eabi/lib/armv7e-m/fpu\libc.a
LOAD c:/apps/gcc-arm/bin/../lib/gcc/arm-none-eabi/4.9.3/../../../../arm-none-eabi/lib/armv7e-m/fpu\libnosys.a
END GROUP

.igot.plt       0x20002cc4        0x0 load address 0x0007cb4c
 .igot.plt      0x00000000        0x0 c:/apps/gcc-arm/bin/../lib/gcc/arm-none-eabi/4.9.3/armv7e-m/fpu/crtbegin.o

.bootloaderSettings
                0x0007f000     0x1000
 .bootloaderSettings
                0x0007f000     0x1000 C:\Users\asillye\AppData\Local\Temp\ccxJKdBv.ltrans5.ltrans.o
                0x0007f000                m_dfu_settings_buffer

.uicrBootStartAddress
                0x10001014        0x4
 *(.uicrBootStartAddress)
 .uicrBootStartAddress
                0x10001014        0x4 C:\Users\asillye\AppData\Local\Temp\ccxJKdBv.ltrans8.ltrans.o

.mbrParamsPage

.uicrMbrParamsPageAddress
                0x10001018        0x4
 *(.uicrMbrParamsPageAddress)
 .uicrMbrParamsPageAddress
                0x10001018        0x4 C:\Users\asillye\AppData\Local\Temp\ccxJKdBv.ltrans8.ltrans.o

.noinit
                0x1000101c                . = ALIGN (0x4)

.fs_data        0x20002cc4       0x10 load address 0x0007cb4c
                0x20002cc4                PROVIDE (__start_fs_data, .)
 *(.fs_data)
 .fs_data       0x20002cc4       0x10 C:\Users\asillye\AppData\Local\Temp\ccxJKdBv.ltrans3.ltrans.o
                0x20002cd4                PROVIDE (__stop_fs_data, .)
                0x20002cd4                . = ALIGN (0x4)

.svc_data       0x20002cd4        0x0
                0x20002cd4                PROVIDE (__start_svc_data, .)
 *(.svc_data)
                0x20002cd4                PROVIDE (__stop_svc_data, .)
                0x20002cd4                . = ALIGN (0x4)

.dfu_trans      0x20002cd4        0x8 load address 0x0007cb5c
                0x20002cd4                PROVIDE (__start_dfu_trans, .)
 *(.dfu_trans)
 .dfu_trans     0x20002cd4        0x8 C:\Users\asillye\AppData\Local\Temp\ccxJKdBv.ltrans9.ltrans.o
                0x20002cdc                PROVIDE (__stop_dfu_trans, .)

.rel.dyn        0x20002cdc        0x0 load address 0x0007cb64
 .rel.iplt      0x00000000        0x0 c:/apps/gcc-arm/bin/../lib/gcc/arm-none-eabi/4.9.3/armv7e-m/fpu/crtbegin.o

.bss            0x20002cdc      0xda8 load address 0x0007cb64
                0x20002cdc                . = ALIGN (0x4)
                0x20002cdc                __bss_start__ = .
 *(.bss*)
 .bss           0x20002cdc       0x1c c:/apps/gcc-arm/bin/../lib/gcc/arm-none-eabi/4.9.3/armv7e-m/fpu/crtbegin.o
 .bss           0x20002cf8      0x5bc C:\Users\asillye\AppData\Local\Temp\ccxJKdBv.ltrans0.ltrans.o
                0x20002d00                packet.lto_priv.219
                0x20002e2c                init_packet_data.lto_priv.218
 .bss           0x200032b4      0x2e8 C:\Users\asillye\AppData\Local\Temp\ccxJKdBv.ltrans1.ltrans.o
                0x200032b8                m_num_lights.lto_priv.221
                0x200032c4                m_resync_pin.lto_priv.222
                0x200032c8                m_clkx_tics_pr_sec.lto_priv.135
                0x200032cc                m_op_queue.lto_priv.175
                0x200033d8                m_queue_event_headers.lto_priv.227
                0x2000352c                m_queue_event_data.lto_priv.228
                0x20003530                m_queue_end_index.lto_priv.226
                0x20003531                m_queue_start_index.lto_priv.229
                0x20003532                m_queue_size.lto_priv.230
                0x20003534                m_firmware_size_req.lto_priv.200
                0x20003538                m_valid_init_packet_present.lto_priv.199
                0x2000353c                m_flash_operations_pending.lto_priv.201
                0x20003540                m_is_dfu_complete_response_sent.lto_priv.206
                0x20003541                m_dfu_finished_settings_write_state.lto_priv.203
 .bss           0x2000359c        0x1 C:\Users\asillye\AppData\Local\Temp\ccxJKdBv.ltrans2.ltrans.o
 *fill*         0x2000359d        0x3 
 .bss           0x200035a0       0x1e C:\Users\asillye\AppData\Local\Temp\ccxJKdBv.ltrans3.ltrans.o
                0x200035a0                m_flags.lto_priv.114
                0x200035a4                m_sys_evt_handler.lto_priv.129
                0x200035a8                m_ble_evt_handler.lto_priv.176
                0x200035ae                m_ble_evt_buffer_size.lto_priv.178
                0x200035b0                mp_ble_evt_buffer.lto_priv.177
                0x200035b4                m_softdevice_enabled.lto_priv.180
                0x200035b5                m_flags.lto_priv.113
                0x200035b8                m_evt_schedule_func.lto_priv.179
                0x200035bc                m_queue_event_size.lto_priv.130
 *fill*         0x200035be        0x2 
 .bss           0x200035c0      0x1cc C:\Users\asillye\AppData\Local\Temp\ccxJKdBv.ltrans4.ltrans.o
                0x200035c0                m_drv_sx1509.lto_priv.107
                0x200035c4                nrf_nvic_state
                0x200035d0                m_p_light_conf.lto_priv.109
                0x200035d4                s_dfu_settings
                0x20003730                m_firmware_start_addr.lto_priv.127
                0x20003734                m_flags.lto_priv.165
                0x20003738                m_notif_buffer.lto_priv.205
                0x2000374a                m_dfu.lto_priv.168
                0x2000375e                m_last_error.lto_priv.128
                0x20003760                m_cb.lto_priv.108
 .bss           0x2000378c      0x1f8 C:\Users\asillye\AppData\Local\Temp\ccxJKdBv.ltrans5.ltrans.o
                0x2000378c                flash_operation_pending.lto_priv.133
                0x20003794                m_queue.lto_priv.223
                0x20003800                m_p_drv_sx1509_cfg.lto_priv.136
                0x20003804                m_fade_supported_port_mask.lto_priv.138
                0x20003806                m_initialized.lto_priv.139
                0x20003808                nrf_dfu_utils_reset_delay_timer_data.lto_priv.153
 .bss           0x20003984       0x40 C:\Users\asillye\AppData\Local\Temp\ccxJKdBv.ltrans6.ltrans.o
 .bss           0x200039c4       0x19 C:\Users\asillye\AppData\Local\Temp\ccxJKdBv.ltrans8.ltrans.o
 *fill*         0x200039dd        0x3 
 .bss           0x200039e0       0x50 C:\Users\asillye\AppData\Local\Temp\ccxJKdBv.ltrans9.ltrans.o
 .bss           0x20003a30       0x51 C:\Users\asillye\AppData\Local\Temp\ccxJKdBv.ltrans10.ltrans.o
                0x20003a30                m_conn_handle.lto_priv.164
                0x20003a32                m_update_count.lto_priv.173
                0x20003a34                m_conn_params_config.lto_priv.170
                0x20003a50                m_preferred_conn_params.lto_priv.172
                0x20003a58                m_current_conn_params.lto_priv.207
                0x20003a60                m_conn_params_timer_id_data.lto_priv.166
                0x20003a80                m_change_param.lto_priv.171
 *(COMMON)
                0x20003a84                . = ALIGN (0x4)
 *fill*         0x20003a81        0x3 
                0x20003a84                __bss_end__ = .

.heap           0x20003a88        0x0
                0x20003a88                __HeapBase = .
                0x20003a88                __end__ = .
                0x20003a88                PROVIDE (end, .)
 *(.heap*)
 .heap          0x20003a88        0x0 _build/nrf52832_xxaa_s132_gcc_startup_nrf52.S.o
                0x20003a88                __HeapLimit = .

.stack_dummy    0x20003a88     0x2000
 *(.stack*)
 .stack         0x20003a88     0x2000 _build/nrf52832_xxaa_s132_gcc_startup_nrf52.S.o
                0x20007f80                __StackTop = (ORIGIN (RAM) + 0x5380)
                0x20005f80                __StackLimit = (__StackTop - SIZEOF (.stack_dummy))
                0x20007f80                PROVIDE (__stack, __StackTop)
                0x00000001                ASSERT ((__StackLimit >= __HeapLimit), region RAM overflowed with stack)
OUTPUT(_build/nrf52832_xxaa_s132.out elf32-littlearm)

.ARM.attributes
                0x00000000       0x30
 .ARM.attributes
                0x00000000       0x22 c:/apps/gcc-arm/bin/../lib/gcc/arm-none-eabi/4.9.3/armv7e-m/fpu/crti.o
 .ARM.attributes
                0x00000022       0x34 c:/apps/gcc-arm/bin/../lib/gcc/arm-none-eabi/4.9.3/armv7e-m/fpu/crtbegin.o
 .ARM.attributes
                0x00000056       0x20 c:/apps/gcc-arm/bin/../lib/gcc/arm-none-eabi/4.9.3/../../../../arm-none-eabi/lib/armv7e-m/fpu/crt0.o
 .ARM.attributes
                0x00000076       0x34 c:/apps/gcc-arm/bin/../lib/gcc/arm-none-eabi/4.9.3/../../../../arm-none-eabi/lib/armv7e-m/fpu\libc_nano.a(lib_a-exit.o)
 .ARM.attributes
                0x000000aa       0x34 c:/apps/gcc-arm/bin/../lib/gcc/arm-none-eabi/4.9.3/../../../../arm-none-eabi/lib/armv7e-m/fpu\libc_nano.a(lib_a-impure.o)
 .ARM.attributes
                0x000000de       0x34 c:/apps/gcc-arm/bin/../lib/gcc/arm-none-eabi/4.9.3/../../../../arm-none-eabi/lib/armv7e-m/fpu\libc_nano.a(lib_a-init.o)
 .ARM.attributes
                0x00000112       0x34 c:/apps/gcc-arm/bin/../lib/gcc/arm-none-eabi/4.9.3/../../../../arm-none-eabi/lib/armv7e-m/fpu\libc_nano.a(lib_a-memset.o)
 .ARM.attributes
                0x00000146       0x34 c:/apps/gcc-arm/bin/../lib/gcc/arm-none-eabi/4.9.3/../../../../arm-none-eabi/lib/armv7e-m/fpu\libnosys.a(_exit.o)
 .ARM.attributes
                0x0000017a       0x37 C:\Users\asillye\AppData\Local\Temp\ccxJKdBv.ltrans0.ltrans.o
 .ARM.attributes
                0x000001b1       0x37 C:\Users\asillye\AppData\Local\Temp\ccxJKdBv.ltrans1.ltrans.o
 .ARM.attributes
                0x000001e8       0x37 C:\Users\asillye\AppData\Local\Temp\ccxJKdBv.ltrans2.ltrans.o
 .ARM.attributes
                0x0000021f       0x37 C:\Users\asillye\AppData\Local\Temp\ccxJKdBv.ltrans3.ltrans.o
 .ARM.attributes
                0x00000256       0x37 C:\Users\asillye\AppData\Local\Temp\ccxJKdBv.ltrans4.ltrans.o
 .ARM.attributes
                0x0000028d       0x37 C:\Users\asillye\AppData\Local\Temp\ccxJKdBv.ltrans5.ltrans.o
 .ARM.attributes
                0x000002c4       0x37 C:\Users\asillye\AppData\Local\Temp\ccxJKdBv.ltrans6.ltrans.o
 .ARM.attributes
                0x000002fb       0x37 C:\Users\asillye\AppData\Local\Temp\ccxJKdBv.ltrans7.ltrans.o
 .ARM.attributes
                0x00000332       0x37 C:\Users\asillye\AppData\Local\Temp\ccxJKdBv.ltrans8.ltrans.o
 .ARM.attributes
                0x00000369       0x37 C:\Users\asillye\AppData\Local\Temp\ccxJKdBv.ltrans9.ltrans.o
 .ARM.attributes
                0x000003a0       0x37 C:\Users\asillye\AppData\Local\Temp\ccxJKdBv.ltrans10.ltrans.o
 .ARM.attributes
                0x000003d7       0x22 c:/apps/gcc-arm/bin/../lib/gcc/arm-none-eabi/4.9.3/armv7e-m/fpu\libgcc.a(_ashldi3.o)
 .ARM.attributes
                0x000003f9       0x22 c:/apps/gcc-arm/bin/../lib/gcc/arm-none-eabi/4.9.3/armv7e-m/fpu\libgcc.a(_arm_fixunsdfsi.o)
 .ARM.attributes
                0x0000041b       0x22 c:/apps/gcc-arm/bin/../lib/gcc/arm-none-eabi/4.9.3/armv7e-m/fpu\libgcc.a(_aeabi_uldivmod.o)
 .ARM.attributes
                0x0000043d       0x34 c:/apps/gcc-arm/bin/../lib/gcc/arm-none-eabi/4.9.3/armv7e-m/fpu\libgcc.a(bpabi.o)
 .ARM.attributes
                0x00000471       0x22 c:/apps/gcc-arm/bin/../lib/gcc/arm-none-eabi/4.9.3/armv7e-m/fpu\libgcc.a(_dvmd_tls.o)
 .ARM.attributes
                0x00000493       0x34 c:/apps/gcc-arm/bin/../lib/gcc/arm-none-eabi/4.9.3/armv7e-m/fpu\libgcc.a(_divdi3.o)
 .ARM.attributes
                0x000004c7       0x34 c:/apps/gcc-arm/bin/../lib/gcc/arm-none-eabi/4.9.3/armv7e-m/fpu\libgcc.a(_udivdi3.o)
 .ARM.attributes
                0x000004fb       0x1c _build/nrf52832_xxaa_s132_gcc_startup_nrf52.S.o
 .ARM.attributes
                0x00000517       0x39 ../../../../external/sdk13/external/micro-ecc/nrf52_armgcc/armgcc/micro_ecc_lib_nrf52.a(micro_ecc_lib_uECC.c.o)
 .ARM.attributes
                0x00000550       0x34 c:/apps/gcc-arm/bin/../lib/gcc/arm-none-eabi/4.9.3/../../../../arm-none-eabi/lib/armv7e-m/fpu\libm.a(lib_a-s_round.o)
 .ARM.attributes
                0x00000584       0x22 c:/apps/gcc-arm/bin/../lib/gcc/arm-none-eabi/4.9.3/armv7e-m/fpu\libgcc.a(_arm_addsubdf3.o)
 .ARM.attributes
                0x000005a6       0x34 c:/apps/gcc-arm/bin/../lib/gcc/arm-none-eabi/4.9.3/../../../../arm-none-eabi/lib/armv7e-m/fpu\libc_nano.a(lib_a-abs.o)
 .ARM.attributes
                0x000005da       0x34 c:/apps/gcc-arm/bin/../lib/gcc/arm-none-eabi/4.9.3/../../../../arm-none-eabi/lib/armv7e-m/fpu\libc_nano.a(lib_a-memcmp.o)
 .ARM.attributes
                0x0000060e       0x34 c:/apps/gcc-arm/bin/../lib/gcc/arm-none-eabi/4.9.3/../../../../arm-none-eabi/lib/armv7e-m/fpu\libc_nano.a(lib_a-memcpy.o)
 .ARM.attributes
                0x00000642       0x34 c:/apps/gcc-arm/bin/../lib/gcc/arm-none-eabi/4.9.3/../../../../arm-none-eabi/lib/armv7e-m/fpu\libc_nano.a(lib_a-strlen.o)
 .ARM.attributes
                0x00000676       0x34 c:/apps/gcc-arm/bin/../lib/gcc/arm-none-eabi/4.9.3/armv7e-m/fpu/crtend.o
 .ARM.attributes
                0x000006aa       0x22 c:/apps/gcc-arm/bin/../lib/gcc/arm-none-eabi/4.9.3/armv7e-m/fpu/crtn.o

.comment        0x00000000       0x70
 .comment       0x00000000       0x71 C:\Users\asillye\AppData\Local\Temp\ccxJKdBv.ltrans0.ltrans.o
 .comment       0x00000000       0x71 C:\Users\asillye\AppData\Local\Temp\ccxJKdBv.ltrans1.ltrans.o
 .comment       0x00000000       0x71 C:\Users\asillye\AppData\Local\Temp\ccxJKdBv.ltrans2.ltrans.o
 .comment       0x00000000       0x71 C:\Users\asillye\AppData\Local\Temp\ccxJKdBv.ltrans3.ltrans.o
 .comment       0x00000000       0x71 C:\Users\asillye\AppData\Local\Temp\ccxJKdBv.ltrans4.ltrans.o
 .comment       0x00000000       0x71 C:\Users\asillye\AppData\Local\Temp\ccxJKdBv.ltrans5.ltrans.o
 .comment       0x00000000       0x71 C:\Users\asillye\AppData\Local\Temp\ccxJKdBv.ltrans6.ltrans.o
 .comment       0x00000000       0x71 C:\Users\asillye\AppData\Local\Temp\ccxJKdBv.ltrans7.ltrans.o
 .comment       0x00000000       0x71 C:\Users\asillye\AppData\Local\Temp\ccxJKdBv.ltrans8.ltrans.o
 .comment       0x00000000       0x71 C:\Users\asillye\AppData\Local\Temp\ccxJKdBv.ltrans9.ltrans.o
 .comment       0x00000000       0x71 C:\Users\asillye\AppData\Local\Temp\ccxJKdBv.ltrans10.ltrans.o
 .comment       0x00000000       0x70 ../../../../external/sdk13/external/micro-ecc/nrf52_armgcc/armgcc/micro_ecc_lib_nrf52.a(micro_ecc_lib_uECC.c.o)
                                 0x71 (size before relaxing)

.debug_frame    0x00000000      0xb54
 .debug_frame   0x00000000       0x28 c:/apps/gcc-arm/bin/../lib/gcc/arm-none-eabi/4.9.3/../../../../arm-none-eabi/lib/armv7e-m/fpu\libc_nano.a(lib_a-exit.o)
 .debug_frame   0x00000028       0x2c c:/apps/gcc-arm/bin/../lib/gcc/arm-none-eabi/4.9.3/../../../../arm-none-eabi/lib/armv7e-m/fpu\libc_nano.a(lib_a-init.o)
 .debug_frame   0x00000054       0x20 c:/apps/gcc-arm/bin/../lib/gcc/arm-none-eabi/4.9.3/../../../../arm-none-eabi/lib/armv7e-m/fpu\libc_nano.a(lib_a-memset.o)
 .debug_frame   0x00000074       0x20 c:/apps/gcc-arm/bin/../lib/gcc/arm-none-eabi/4.9.3/../../../../arm-none-eabi/lib/armv7e-m/fpu\libnosys.a(_exit.o)
 .debug_frame   0x00000094       0x28 c:/apps/gcc-arm/bin/../lib/gcc/arm-none-eabi/4.9.3/armv7e-m/fpu\libgcc.a(_aeabi_uldivmod.o)
 .debug_frame   0x000000bc       0x50 c:/apps/gcc-arm/bin/../lib/gcc/arm-none-eabi/4.9.3/armv7e-m/fpu\libgcc.a(bpabi.o)
 .debug_frame   0x0000010c       0x34 c:/apps/gcc-arm/bin/../lib/gcc/arm-none-eabi/4.9.3/armv7e-m/fpu\libgcc.a(_divdi3.o)
 .debug_frame   0x00000140       0x30 c:/apps/gcc-arm/bin/../lib/gcc/arm-none-eabi/4.9.3/armv7e-m/fpu\libgcc.a(_udivdi3.o)
 .debug_frame   0x00000170      0x928 ../../../../external/sdk13/external/micro-ecc/nrf52_armgcc/armgcc/micro_ecc_lib_nrf52.a(micro_ecc_lib_uECC.c.o)
 .debug_frame   0x00000a98       0x2c c:/apps/gcc-arm/bin/../lib/gcc/arm-none-eabi/4.9.3/../../../../arm-none-eabi/lib/armv7e-m/fpu\libm.a(lib_a-s_round.o)
 .debug_frame   0x00000ac4       0x20 c:/apps/gcc-arm/bin/../lib/gcc/arm-none-eabi/4.9.3/../../../../arm-none-eabi/lib/armv7e-m/fpu\libc_nano.a(lib_a-abs.o)
 .debug_frame   0x00000ae4       0x28 c:/apps/gcc-arm/bin/../lib/gcc/arm-none-eabi/4.9.3/../../../../arm-none-eabi/lib/armv7e-m/fpu\libc_nano.a(lib_a-memcmp.o)
 .debug_frame   0x00000b0c       0x28 c:/apps/gcc-arm/bin/../lib/gcc/arm-none-eabi/4.9.3/../../../../arm-none-eabi/lib/armv7e-m/fpu\libc_nano.a(lib_a-memcpy.o)
 .debug_frame   0x00000b34       0x20 c:/apps/gcc-arm/bin/../lib/gcc/arm-none-eabi/4.9.3/../../../../arm-none-eabi/lib/armv7e-m/fpu\libc_nano.a(lib_a-strlen.o)

.debug_info     0x00000000     0x54bc
 .debug_info    0x00000000     0x54bc ../../../../external/sdk13/external/micro-ecc/nrf52_armgcc/armgcc/micro_ecc_lib_nrf52.a(micro_ecc_lib_uECC.c.o)

.debug_abbrev   0x00000000      0x4cd
 .debug_abbrev  0x00000000      0x4cd ../../../../external/sdk13/external/micro-ecc/nrf52_armgcc/armgcc/micro_ecc_lib_nrf52.a(micro_ecc_lib_uECC.c.o)

.debug_loc      0x00000000     0x2f1f
 .debug_loc     0x00000000     0x2f1f ../../../../external/sdk13/external/micro-ecc/nrf52_armgcc/armgcc/micro_ecc_lib_nrf52.a(micro_ecc_lib_uECC.c.o)

.debug_aranges  0x00000000      0x290
 .debug_aranges
                0x00000000      0x290 ../../../../external/sdk13/external/micro-ecc/nrf52_armgcc/armgcc/micro_ecc_lib_nrf52.a(micro_ecc_lib_uECC.c.o)

.debug_ranges   0x00000000      0x350
 .debug_ranges  0x00000000      0x350 ../../../../external/sdk13/external/micro-ecc/nrf52_armgcc/armgcc/micro_ecc_lib_nrf52.a(micro_ecc_lib_uECC.c.o)

.debug_macro    0x00000000      0xfeb
 .debug_macro   0x00000000      0x251 ../../../../external/sdk13/external/micro-ecc/nrf52_armgcc/armgcc/micro_ecc_lib_nrf52.a(micro_ecc_lib_uECC.c.o)
 .debug_macro   0x00000251      0x89e ../../../../external/sdk13/external/micro-ecc/nrf52_armgcc/armgcc/micro_ecc_lib_nrf52.a(micro_ecc_lib_uECC.c.o)
 .debug_macro   0x00000aef       0x22 ../../../../external/sdk13/external/micro-ecc/nrf52_armgcc/armgcc/micro_ecc_lib_nrf52.a(micro_ecc_lib_uECC.c.o)
 .debug_macro   0x00000b11       0x44 ../../../../external/sdk13/external/micro-ecc/nrf52_armgcc/armgcc/micro_ecc_lib_nrf52.a(micro_ecc_lib_uECC.c.o)
 .debug_macro   0x00000b55       0xe3 ../../../../external/sdk13/external/micro-ecc/nrf52_armgcc/armgcc/micro_ecc_lib_nrf52.a(micro_ecc_lib_uECC.c.o)
 .debug_macro   0x00000c38       0x22 ../../../../external/sdk13/external/micro-ecc/nrf52_armgcc/armgcc/micro_ecc_lib_nrf52.a(micro_ecc_lib_uECC.c.o)
 .debug_macro   0x00000c5a      0x1df ../../../../external/sdk13/external/micro-ecc/nrf52_armgcc/armgcc/micro_ecc_lib_nrf52.a(micro_ecc_lib_uECC.c.o)
 .debug_macro   0x00000e39       0x4c ../../../../external/sdk13/external/micro-ecc/nrf52_armgcc/armgcc/micro_ecc_lib_nrf52.a(micro_ecc_lib_uECC.c.o)
 .debug_macro   0x00000e85       0x3a ../../../../external/sdk13/external/micro-ecc/nrf52_armgcc/armgcc/micro_ecc_lib_nrf52.a(micro_ecc_lib_uECC.c.o)
 .debug_macro   0x00000ebf       0x5f ../../../../external/sdk13/external/micro-ecc/nrf52_armgcc/armgcc/micro_ecc_lib_nrf52.a(micro_ecc_lib_uECC.c.o)
 .debug_macro   0x00000f1e       0x69 ../../../../external/sdk13/external/micro-ecc/nrf52_armgcc/armgcc/micro_ecc_lib_nrf52.a(micro_ecc_lib_uECC.c.o)
 .debug_macro   0x00000f87       0x12 ../../../../external/sdk13/external/micro-ecc/nrf52_armgcc/armgcc/micro_ecc_lib_nrf52.a(micro_ecc_lib_uECC.c.o)
 .debug_macro   0x00000f99       0x52 ../../../../external/sdk13/external/micro-ecc/nrf52_armgcc/armgcc/micro_ecc_lib_nrf52.a(micro_ecc_lib_uECC.c.o)

.debug_line     0x00000000      0xd36
 .debug_line    0x00000000      0xd36 ../../../../external/sdk13/external/micro-ecc/nrf52_armgcc/armgcc/micro_ecc_lib_nrf52.a(micro_ecc_lib_uECC.c.o)

.debug_str      0x00000000     0xa5c7
 .debug_str     0x00000000     0xa5c7 ../../../../external/sdk13/external/micro-ecc/nrf52_armgcc/armgcc/micro_ecc_lib_nrf52.a(micro_ecc_lib_uECC.c.o)
                               0xa7de (size before relaxing)
